[courses.ankurwarikoo.com/communication-fb/index.html]
[backblue.gif]
[fade.gif]
[index.html]
[courses.ankurwarikoo.com/wp-content/cache/wpfc-minified/6mxc84di/9wnkn.css]
[courses.ankurwarikoo.com/wp-content/cache/wpfc-minified/12xvcyj9/9wnkn.css]
[courses.ankurwarikoo.com/wp-content/cache/wpfc-minified/kcy1pshb/9wnkn.css]
[courses.ankurwarikoo.com/wp-content/cache/wpfc-minified/964orahy/9wnkn.css]
[courses.ankurwarikoo.com/wp-content/cache/wpfc-minified/lkug12qv/9wnkn.css]
[courses.ankurwarikoo.com/wp-content/cache/wpfc-minified/6yplxhnj/9wnkn.css]
[courses.ankurwarikoo.com/wp-content/themes/Divi/includes/builder/styles/images/preloader.gif]
[courses.ankurwarikoo.com/wp-content/cache/wpfc-minified/jme9r7lo/9wnkn.css]
[courses.ankurwarikoo.com/wp-content/uploads/elementor/css/post-14116885.css]
[courses.ankurwarikoo.com/wp-content/cache/wpfc-minified/6yqfbtmf/9wnkm.css]
[courses.ankurwarikoo.com/wp-content/uploads/elementor/css/post-925908af.css]
[courses.ankurwarikoo.com/wp-content/cache/wpfc-minified/2cuzkb4o/9wnkm.css]
[courses.ankurwarikoo.com/wp-content/cache/wpfc-minified/8wjf965i/9wnkp.css]
[courses.ankurwarikoo.com/wp-content/cache/wpfc-minified/ffb4x3o5/9wnkn.js]
[courses.ankurwarikoo.com/wp-content/cache/wpfc-minified/3pf7hqe/9wnkn.js]
[courses.ankurwarikoo.com/wp-content/cache/wpfc-minified/6o4mi85w/9wnkn.js]
[connect.facebook.net/en_US/fbevents.js]
[courses.ankurwarikoo.com/wp-content/uploads/2021/01/cropped-cropped-Copy-of-aw-1-32x32.png]
[courses.ankurwarikoo.com/wp-content/uploads/2021/01/cropped-cropped-Copy-of-aw-1-192x192.png]
[courses.ankurwarikoo.com/wp-content/uploads/2021/01/cropped-cropped-Copy-of-aw-1-180x180.png]
[courses.ankurwarikoo.com/wp-content/cache/wpfc-minified/6wz48mvc/9wnkm.css]
[courses.ankurwarikoo.com/wp-content/uploads/2022/10/493b0c29c3995efaa13a6ae0a0ca765e-1.png]
[courses.ankurwarikoo.com/wp-content/plugins/wp-fastest-cache-premium/pro/images/blank.gif]
[courses.ankurwarikoo.com/wp-content/cache/wpfc-minified/6z9kcviw/9wnkp.css]
[courses.ankurwarikoo.com/wp-content/cache/wpfc-minified/2aj26dc3/9wnkm.css]
[courses.ankurwarikoo.com/wp-content/cache/wpfc-minified/7ahs2ci0/9wnlp.js]
[courses.ankurwarikoo.com/wp-content/cache/wpfc-minified/efudxvus/9wnlo.js]
[courses.ankurwarikoo.com/wp-content/cache/wpfc-minified/880ud2ft/9wnlo.js]
[courses.ankurwarikoo.com/wp-content/cache/wpfc-minified/95vr5lug/9wnln.js]
[courses.ankurwarikoo.com/wp-content/cache/wpfc-minified/dsiatoxp/9wnlm.js]
[courses.ankurwarikoo.com/wp-content/cache/wpfc-minified/ldclnt3b/9wnlm.js]
[courses.ankurwarikoo.com/wp-content/cache/wpfc-minified/lm65arwi/9wnll.js]
[courses.ankurwarikoo.com/wp-content/cache/wpfc-minified/lms9ecdj/9wnlk.js]
[courses.ankurwarikoo.com/wp-content/cache/wpfc-minified/8j6s8qo3/9wnlk.js]
[courses.ankurwarikoo.com/wp-content/cache/wpfc-minified/1smjhvz/9wnl9.js]
[courses.ankurwarikoo.com/wp-content/cache/wpfc-minified/6lpzkymf/9wnl7.js]
[courses.ankurwarikoo.com/wp-content/cache/wpfc-minified/78n3zpcz/9wnl6.js]
[courses.ankurwarikoo.com/wp-content/cache/wpfc-minified/duokp88w/9wnl6.js]
[courses.ankurwarikoo.com/wp-content/cache/wpfc-minified/2rfz374w/9wnl5.js]
[courses.ankurwarikoo.com/wp-content/cache/wpfc-minified/km9xf1ma/9wnl4.js]
[courses.ankurwarikoo.com/wp-content/cache/wpfc-minified/cy5eijx/9wnl4.js]
[courses.ankurwarikoo.com/wp-content/cache/wpfc-minified/f1mr4za3/9wnl3.js]
[courses.ankurwarikoo.com/wp-content/cache/wpfc-minified/2dfwa7k5/9wnl2.js]
[courses.ankurwarikoo.com/wp-content/cache/wpfc-minified/23x4fmtx/9wnl2.js]
[courses.ankurwarikoo.com/wp-content/cache/wpfc-minified/l8p3yjdi/9wnl1.js]
[courses.ankurwarikoo.com/wp-content/cache/wpfc-minified/mbtyfmhq/9wnl0.js]
[courses.ankurwarikoo.com/wp-content/cache/wpfc-minified/lm4yx1cd/9wnkp.js]
[courses.ankurwarikoo.com/wp-content/cache/wpfc-minified/mlwy9t39/9wnkp.js]
[courses.ankurwarikoo.com/wp-content/cache/wpfc-minified/f1px8gh2/9wnkn.js]
[courses.ankurwarikoo.com/wp-content/cache/wpfc-minified/9h6cm05p/9wnkn.js]
[courses.ankurwarikoo.com/wp-content/cache/wpfc-minified/7u9bthd5/9wnkm.js]
[courses.ankurwarikoo.com/wp-content/cache/wpfc-minified/89ot1i9i/9wnkl.js]
[courses.ankurwarikoo.com/wp-content/cache/wpfc-minified/g5sku9v1/9wnkl.js]
[courses.ankurwarikoo.com/wp-content/cache/wpfc-minified/lm530srd/9wnl4.js]
[courses.ankurwarikoo.com/wp-content/cache/wpfc-minified/fdlulgn3/9wnl3.js]
[courses.ankurwarikoo.com/wp-content/cache/wpfc-minified/1pv384zz/9wnl2.js]
[courses.ankurwarikoo.com/wp-content/cache/wpfc-minified/89ms4685/9wnl2.js]
[courses.ankurwarikoo.com/wp-content/cache/wpfc-minified/g060nww/9wnl1.js]
[courses.ankurwarikoo.com/wp-content/cache/wpfc-minified/kpaufkhf/9wnl0.js]
[courses.ankurwarikoo.com/wp-content/cache/wpfc-minified/13ik0yhy/9wnl0.js]
[courses.ankurwarikoo.com/wp-content/cache/wpfc-minified/e6lf6kfy/9wnkp.js]
[courses.ankurwarikoo.com/wp-content/cache/wpfc-minified/lw76qhds/9wnko.js]
[courses.ankurwarikoo.com/communication-fb/index.html]
[courses.ankurwarikoo.com/wp-content/cache/wpfc-minified/6mxc84di/9wnkn.css]
[courses.ankurwarikoo.com/wp-content/cache/wpfc-minified/12xvcyj9/9wnkn.css]
[courses.ankurwarikoo.com/wp-content/cache/wpfc-minified/kcy1pshb/9wnkn.css]
[courses.ankurwarikoo.com/wp-content/cache/wpfc-minified/964orahy/9wnkn.css]
[courses.ankurwarikoo.com/wp-content/cache/wpfc-minified/lkug12qv/9wnkn.css]
[courses.ankurwarikoo.com/wp-content/cache/wpfc-minified/6yplxhnj/9wnkn.css]
[courses.ankurwarikoo.com/wp-content/cache/wpfc-minified/jme9r7lo/9wnkn.css]
[courses.ankurwarikoo.com/wp-content/cache/wpfc-minified/9hx4cq1b/9wnko.js]
[courses.ankurwarikoo.com/wp-content/uploads/2021/04/bg-new.png]
[courses.ankurwarikoo.com/wp-content/uploads/elementor/css/post-14116885.css]
[courses.ankurwarikoo.com/wp-content/cache/wpfc-minified/6yqfbtmf/9wnkm.css]
[courses.ankurwarikoo.com/wp-content/uploads/elementor/css/post-925908af.css]
[courses.ankurwarikoo.com/wp-content/plugins/elementskit-lite/widgets/init/assets/img/arrow.png]
[courses.ankurwarikoo.com/wp-content/cache/wpfc-minified/2cuzkb4o/9wnkm.css]
[courses.ankurwarikoo.com/wp-content/cache/wpfc-minified/8wjf965i/9wnkp.css]
[courses.ankurwarikoo.com/wp-content/cache/wpfc-minified/ffb4x3o5/9wnkn.js]
[courses.ankurwarikoo.com/wp-content/cache/wpfc-minified/3pf7hqe/9wnkn.js]
[courses.ankurwarikoo.com/wp-content/cache/wpfc-minified/6o4mi85w/9wnkn.js]
[courses.ankurwarikoo.com/communication-fb/Trident/index.html]
[courses.ankurwarikoo.com/communication-fb/$&/index.html]
[courses.ankurwarikoo.com/communication-fb/POST]
[connect.facebook.net/en_US/fbevents.js]
[courses.ankurwarikoo.com/wp-content/cache/wpfc-minified/6wz48mvc/9wnkm.css]
[courses.ankurwarikoo.com/wp-content/plugins/unlimited-elements-for-elementor/assets_libraries/owl-carousel-new/assets/owl.video.play.png]
[courses.ankurwarikoo.com/wp-content/cache/wpfc-minified/6z9kcviw/9wnkp.css]
[courses.ankurwarikoo.com/wp-content/plugins/woocommerce/assets/css/photoswipe/default-skin/default-skin.png]
[courses.ankurwarikoo.com/wp-content/cache/wpfc-minified/2aj26dc3/9wnkm.css]
[courses.ankurwarikoo.com/wp-content/cache/wpfc-minified/7ahs2ci0/9wnlp.js]
[courses.ankurwarikoo.com/wp-content/cache/wpfc-minified/efudxvus/9wnlo.js]
[courses.ankurwarikoo.com/wp-content/cache/wpfc-minified/880ud2ft/9wnlo.js]
[courses.ankurwarikoo.com/wp-content/cache/wpfc-minified/95vr5lug/9wnln.js]
[courses.ankurwarikoo.com/wp-content/cache/wpfc-minified/dsiatoxp/9wnlm.js]
[courses.ankurwarikoo.com/wp-content/cache/wpfc-minified/ldclnt3b/9wnlm.js]
[courses.ankurwarikoo.com/wp-content/cache/wpfc-minified/lm65arwi/9wnll.js]
[courses.ankurwarikoo.com/wp-content/cache/wpfc-minified/lms9ecdj/9wnlk.js]
[courses.ankurwarikoo.com/wp-content/cache/wpfc-minified/8j6s8qo3/9wnlk.js]
[courses.ankurwarikoo.com/wp-content/cache/wpfc-minified/1smjhvz/9wnl9.js]
[courses.ankurwarikoo.com/wp-content/cache/wpfc-minified/79x1cfmg/9wnl8.js]
[courses.ankurwarikoo.com/wp-content/cache/wpfc-minified/6lpzkymf/9wnl7.js]
[courses.ankurwarikoo.com/wp-content/cache/wpfc-minified/78n3zpcz/9wnl6.js]
[courses.ankurwarikoo.com/wp-content/cache/wpfc-minified/duokp88w/9wnl6.js]
[courses.ankurwarikoo.com/wp-content/cache/wpfc-minified/2rfz374w/9wnl5.js]
[courses.ankurwarikoo.com/wp-content/cache/wpfc-minified/km9xf1ma/9wnl4.js]
[courses.ankurwarikoo.com/wp-content/cache/wpfc-minified/cy5eijx/9wnl4.js]
[courses.ankurwarikoo.com/wp-content/cache/wpfc-minified/f1mr4za3/9wnl3.js]
[courses.ankurwarikoo.com/wp-content/cache/wpfc-minified/2dfwa7k5/9wnl2.js]
[courses.ankurwarikoo.com/wp-content/cache/wpfc-minified/23x4fmtx/9wnl2.js]
[courses.ankurwarikoo.com/wp-content/cache/wpfc-minified/l8p3yjdi/9wnl1.js]
[courses.ankurwarikoo.com/wp-content/cache/wpfc-minified/mbtyfmhq/9wnl0.js]
[courses.ankurwarikoo.com/wp-content/cache/wpfc-minified/lm4yx1cd/9wnkp.js]
[courses.ankurwarikoo.com/wp-content/cache/wpfc-minified/mlwy9t39/9wnkp.js]
[courses.ankurwarikoo.com/communication-fb/Edge/index.html]
[courses.ankurwarikoo.com/communication-fb/Firefox/index.html]
[courses.ankurwarikoo.com/wp-content/cache/wpfc-minified/f1px8gh2/9wnkn.js]
[courses.ankurwarikoo.com/wp-content/cache/wpfc-minified/9h6cm05p/9wnkn.js]
[courses.ankurwarikoo.com/communication-fb/Gecko/index.html]
[courses.ankurwarikoo.com/communication-fb/Version/index.html]
[courses.ankurwarikoo.com/communication-fb/version/index-2.html]
[courses.ankurwarikoo.com/communication-fb/-negative.svg]
[courses.ankurwarikoo.com/wp-content/cache/wpfc-minified/7u9bthd5/9wnkm.js]
[courses.ankurwarikoo.com/wp-content/cache/wpfc-minified/89ot1i9i/9wnkl.js]
[courses.ankurwarikoo.com/wp-content/cache/wpfc-minified/g5sku9v1/9wnkl.js]
[courses.ankurwarikoo.com/wp-content/cache/wpfc-minified/lm530srd/9wnl4.js]
[courses.ankurwarikoo.com/wp-content/cache/wpfc-minified/fdlulgn3/9wnl3.js]
[courses.ankurwarikoo.com/wp-content/cache/wpfc-minified/1pv384zz/9wnl2.js]
[courses.ankurwarikoo.com/wp-content/cache/wpfc-minified/89ms4685/9wnl2.js]
[courses.ankurwarikoo.com/wp-content/cache/wpfc-minified/g060nww/9wnl1.js]
[courses.ankurwarikoo.com/wp-content/cache/wpfc-minified/kpaufkhf/9wnl0.js]
[courses.ankurwarikoo.com/wp-content/cache/wpfc-minified/13ik0yhy/9wnl0.js]
[courses.ankurwarikoo.com/wp-content/cache/wpfc-minified/e6lf6kfy/9wnkp.js]
[courses.ankurwarikoo.com/wp-content/cache/wpfc-minified/lw76qhds/9wnko.js]
[courses.ankurwarikoo.com/wp-content/cache/wpfc-minified/9hx4cq1b/9wnko.js]
[courses.ankurwarikoo.com/communication-fb/$&/index.html]
[courses.ankurwarikoo.com/communication-fb/Trident/index.html]
[courses.ankurwarikoo.com/communication-fb/POST.html]
[courses.ankurwarikoo.com/wp-content/plugins/unlimited-elements-for-elementor/assets_libraries/owl-carousel-new/assets/owl.video.play.html]
[courses.ankurwarikoo.com/communication-fb/Edge/index.html]
[courses.ankurwarikoo.com/communication-fb/Gecko/index.html]
[courses.ankurwarikoo.com/communication-fb/Firefox/index.html]
[courses.ankurwarikoo.com/communication-fb/Version/index.html]
[courses.ankurwarikoo.com/communication-fb/version/index-2.html]
[courses.ankurwarikoo.com/communication-fb/-negative.html]
[courses.ankurwarikoo.com/communication-fb/OPR/index.html]
[courses.ankurwarikoo.com/communication-fb/OPR/index.html]
